2026-07-31 21:13:56,669 [1   ] [INFO ] Running application on Microsoft Windows NT 6.2.9200.0 (64-bit) 
2026-07-31 21:13:56,923 [1   ] [INFO ] Checking plugin DLL files...
2026-07-31 21:13:56,924 [1   ] [INFO ] Validating ETS2 path: 'G:\SteamLibrary\steamapps\common\Euro Truck Simulator 2' ... Fail
2026-07-31 21:13:56,924 [1   ] [INFO ] Checking Firewall rule...
2026-07-31 21:13:56,926 [1   ] [INFO ] Running command line: 
netsh advfirewall firewall show rule dir=in name=all
2026-07-31 21:13:57,276 [1   ] [INFO ] Checking ACL rule status...
2026-07-31 21:13:57,276 [1   ] [INFO ] Running command line: 
netsh http show urlacl url=http://+:25555/
2026-07-31 21:13:58,028 [1   ] [INFO ] Running application on Microsoft Windows NT 6.2.9200.0 (64-bit) 
2026-07-31 21:13:58,121 [1   ] [INFO ] Checking plugin DLL files...
2026-07-31 21:13:58,122 [1   ] [INFO ] Validating ETS2 path: 'G:\SteamLibrary\steamapps\common\Euro Truck Simulator 2' ... Fail
2026-07-31 21:13:58,122 [1   ] [INFO ] Checking Firewall rule...
2026-07-31 21:13:58,123 [1   ] [INFO ] Running command line: 
netsh advfirewall firewall show rule dir=in name=all
2026-07-31 21:13:58,372 [1   ] [INFO ] Checking ACL rule status...
2026-07-31 21:13:58,372 [1   ] [INFO ] Running command line: 
netsh http show urlacl url=http://+:25555/
2026-07-31 21:15:51,621 [1   ] [INFO ] Validating ETS2 path: 'G:\SteamLibrary\steamapps\common\Euro Truck Simulator 2' ... Fail
2026-07-31 21:15:51,621 [1   ] [INFO ] Validating ETS2 path: 'e:\steam\SteamApps\common\Euro Truck Simulator 2' ... OK
2026-07-31 21:15:51,622 [1   ] [INFO ] Copying ETS2 x86 plugin DLL file to: e:\steam\SteamApps\common\Euro Truck Simulator 2\bin\win_x86\plugins\ets2-telemetry-server.dll
2026-07-31 21:15:51,623 [1   ] [INFO ] Copying ETS2 x64 plugin DLL file to: e:\steam\SteamApps\common\Euro Truck Simulator 2\bin\win_x64\plugins\ets2-telemetry-server.dll
2026-07-31 21:15:51,641 [1   ] [INFO ] Adding Firewall rule...
2026-07-31 21:15:51,641 [1   ] [INFO ] Running command line: 
netsh advfirewall firewall add rule name="ETS2 TELEMETRY SERVER (PORT 25555)" dir=in action=allow protocol=TCP localport=25555 remoteip=localsubnet
2026-07-31 21:15:54,349 [1   ] [INFO ] Found following network interfaces: 
'{625C478E-DD46-4778-8777-9453AA3345B6}': 'Подключение по локальной сети' (Down), 
'{F07435A6-A18B-45AA-BC51-94643A1AD7BD}': 'vEthernet (Default Switch)' (Up), 
'{8E026B67-B0BE-4064-8FD3-890D5E9E8CF9}': 'Подключение по локальной сети 2' (Down), 
'{45E3F92C-E33E-43C6-9B19-9E9D80999A65}': 'OpenVPN Connect DCO Adapter' (Down), 
'{92A94DA9-9C84-4D43-87F5-530A261CA4F3}': 'Ethernet 5' (Up), 
'{1AAB4AA6-8F66-11EA-B0C9-806E6F6E6963}': 'Loopback Pseudo-Interface 1' (Up)
2026-07-31 21:34:27,170 [1   ] [INFO ] Running application on Microsoft Windows NT 6.2.9200.0 (64-bit) 
2026-07-31 21:34:27,265 [1   ] [INFO ] Checking plugin DLL files...
2026-07-31 21:34:27,265 [1   ] [INFO ] Validating ETS2 path: 'e:\steam\SteamApps\common\Euro Truck Simulator 2' ... OK
2026-07-31 21:34:27,275 [1   ] [INFO ] Checking Firewall rule...
2026-07-31 21:34:27,276 [1   ] [INFO ] Running command line: 
netsh advfirewall firewall show rule dir=in name=all
2026-07-31 21:34:27,516 [1   ] [INFO ] Checking ACL rule status...
2026-07-31 21:34:27,516 [1   ] [INFO ] Running command line: 
netsh http show urlacl url=http://+:25555/
2026-07-31 21:34:28,168 [1   ] [INFO ] Running application on Microsoft Windows NT 6.2.9200.0 (64-bit) 
2026-07-31 21:34:28,260 [1   ] [INFO ] Checking plugin DLL files...
2026-07-31 21:34:28,260 [1   ] [INFO ] Validating ETS2 path: 'e:\steam\SteamApps\common\Euro Truck Simulator 2' ... OK
2026-07-31 21:34:28,263 [1   ] [INFO ] Checking Firewall rule...
2026-07-31 21:34:28,264 [1   ] [INFO ] Running command line: 
netsh advfirewall firewall show rule dir=in name=all
2026-07-31 21:34:28,502 [1   ] [INFO ] Checking ACL rule status...
2026-07-31 21:34:28,502 [1   ] [INFO ] Running command line: 
netsh http show urlacl url=http://+:25555/
2026-07-31 21:34:34,198 [1   ] [INFO ] Validating ETS2 path: 'e:\steam\SteamApps\common\Euro Truck Simulator 2' ... OK
2026-07-31 21:34:34,199 [1   ] [INFO ] Validating ETS2 path: 'e:\steam\SteamApps\common\Euro Truck Simulator 2' ... OK
2026-07-31 21:34:34,199 [1   ] [INFO ] Copying ETS2 x86 plugin DLL file to: e:\steam\SteamApps\common\Euro Truck Simulator 2\bin\win_x86\plugins\ets2-telemetry-server.dll
2026-07-31 21:34:34,200 [1   ] [INFO ] Copying ETS2 x64 plugin DLL file to: e:\steam\SteamApps\common\Euro Truck Simulator 2\bin\win_x64\plugins\ets2-telemetry-server.dll
2026-07-31 21:34:35,543 [1   ] [INFO ] Found following network interfaces: 
'{625C478E-DD46-4778-8777-9453AA3345B6}': 'Подключение по локальной сети' (Down), 
'{F07435A6-A18B-45AA-BC51-94643A1AD7BD}': 'vEthernet (Default Switch)' (Up), 
'{8E026B67-B0BE-4064-8FD3-890D5E9E8CF9}': 'Подключение по локальной сети 2' (Down), 
'{45E3F92C-E33E-43C6-9B19-9E9D80999A65}': 'OpenVPN Connect DCO Adapter' (Down), 
'{92A94DA9-9C84-4D43-87F5-530A261CA4F3}': 'Ethernet 5' (Up), 
'{1AAB4AA6-8F66-11EA-B0C9-806E6F6E6963}': 'Loopback Pseudo-Interface 1' (Up)
2026-08-01 13:46:43,774 [1   ] [INFO ] Running application on Microsoft Windows NT 6.2.9200.0 (64-bit) 
2026-08-01 13:46:43,886 [1   ] [INFO ] Checking plugin DLL files...
2026-08-01 13:46:43,886 [1   ] [INFO ] Validating ETS2 path: 'e:\steam\SteamApps\common\Euro Truck Simulator 2' ... OK
2026-08-01 13:46:43,924 [1   ] [INFO ] Checking Firewall rule...
2026-08-01 13:46:43,925 [1   ] [INFO ] Running command line: 
netsh advfirewall firewall show rule dir=in name=all
2026-08-01 13:46:44,259 [1   ] [INFO ] Checking ACL rule status...
2026-08-01 13:46:44,259 [1   ] [INFO ] Running command line: 
netsh http show urlacl url=http://+:25555/
2026-08-01 13:46:44,367 [1   ] [INFO ] Found following network interfaces: 
'{625C478E-DD46-4778-8777-9453AA3345B6}': 'Подключение по локальной сети' (Down), 
'{F07435A6-A18B-45AA-BC51-94643A1AD7BD}': 'vEthernet (Default Switch)' (Up), 
'{8E026B67-B0BE-4064-8FD3-890D5E9E8CF9}': 'Подключение по локальной сети 2' (Down), 
'{45E3F92C-E33E-43C6-9B19-9E9D80999A65}': 'OpenVPN Connect DCO Adapter' (Down), 
'{92A94DA9-9C84-4D43-87F5-530A261CA4F3}': 'Ethernet 5' (Up), 
'{1AAB4AA6-8F66-11EA-B0C9-806E6F6E6963}': 'Loopback Pseudo-Interface 1' (Up)
2026-08-01 17:28:54,165 [1   ] [INFO ] Running application on Microsoft Windows NT 6.2.9200.0 (64-bit) 
2026-08-01 17:28:54,369 [1   ] [INFO ] Checking plugin DLL files...
2026-08-01 17:28:54,370 [1   ] [INFO ] Validating ETS2 path: 'e:\steam\SteamApps\common\Euro Truck Simulator 2' ... OK
2026-08-01 17:28:54,440 [1   ] [INFO ] Checking Firewall rule...
2026-08-01 17:28:54,442 [1   ] [INFO ] Running command line: 
netsh advfirewall firewall show rule dir=in name=all
2026-08-01 17:28:54,769 [1   ] [INFO ] Checking ACL rule status...
2026-08-01 17:28:54,770 [1   ] [INFO ] Running command line: 
netsh http show urlacl url=http://+:25555/
2026-08-01 17:28:55,002 [1   ] [INFO ] Found following network interfaces: 
'{625C478E-DD46-4778-8777-9453AA3345B6}': 'Подключение по локальной сети' (Down), 
'{F07435A6-A18B-45AA-BC51-94643A1AD7BD}': 'vEthernet (Default Switch)' (Up), 
'{8E026B67-B0BE-4064-8FD3-890D5E9E8CF9}': 'Подключение по локальной сети 2' (Down), 
'{45E3F92C-E33E-43C6-9B19-9E9D80999A65}': 'OpenVPN Connect DCO Adapter' (Down), 
'{92A94DA9-9C84-4D43-87F5-530A261CA4F3}': 'Ethernet 5' (Up), 
'{1AAB4AA6-8F66-11EA-B0C9-806E6F6E6963}': 'Loopback Pseudo-Interface 1' (Up)
2026-08-01 18:12:48,241 [1   ] [INFO ] Running application on Microsoft Windows NT 6.2.9200.0 (64-bit) 
2026-08-01 18:12:48,435 [1   ] [INFO ] Checking plugin DLL files...
2026-08-01 18:12:48,435 [1   ] [INFO ] Validating ETS2 path: 'e:\steam\SteamApps\common\Euro Truck Simulator 2' ... OK
2026-08-01 18:12:48,438 [1   ] [INFO ] Checking Firewall rule...
2026-08-01 18:12:48,439 [1   ] [INFO ] Running command line: 
netsh advfirewall firewall show rule dir=in name=all
2026-08-01 18:12:48,751 [1   ] [INFO ] Checking ACL rule status...
2026-08-01 18:12:48,752 [1   ] [INFO ] Running command line: 
netsh http show urlacl url=http://+:25555/
2026-08-01 18:13:14,968 [1   ] [INFO ] Running application on Microsoft Windows NT 6.2.9200.0 (64-bit) 
2026-08-01 18:13:15,060 [1   ] [INFO ] Checking plugin DLL files...
2026-08-01 18:13:15,060 [1   ] [INFO ] Validating ETS2 path: 'e:\steam\SteamApps\common\Euro Truck Simulator 2' ... OK
2026-08-01 18:13:15,063 [1   ] [INFO ] Checking Firewall rule...
2026-08-01 18:13:15,064 [1   ] [INFO ] Running command line: 
netsh advfirewall firewall show rule dir=in name=all
2026-08-01 18:13:15,298 [1   ] [INFO ] Checking ACL rule status...
2026-08-01 18:13:15,298 [1   ] [INFO ] Running command line: 
netsh http show urlacl url=http://+:25555/
2026-08-01 18:13:15,909 [1   ] [INFO ] Running application on Microsoft Windows NT 6.2.9200.0 (64-bit) 
2026-08-01 18:13:16,000 [1   ] [INFO ] Checking plugin DLL files...
2026-08-01 18:13:16,000 [1   ] [INFO ] Validating ETS2 path: 'e:\steam\SteamApps\common\Euro Truck Simulator 2' ... OK
2026-08-01 18:13:16,003 [1   ] [INFO ] Checking Firewall rule...
2026-08-01 18:13:16,004 [1   ] [INFO ] Running command line: 
netsh advfirewall firewall show rule dir=in name=all
2026-08-01 18:13:16,235 [1   ] [INFO ] Checking ACL rule status...
2026-08-01 18:13:16,235 [1   ] [INFO ] Running command line: 
netsh http show urlacl url=http://+:25555/
2026-08-01 18:13:20,732 [1   ] [INFO ] Validating ETS2 path: 'e:\steam\SteamApps\common\Euro Truck Simulator 2' ... OK
2026-08-01 18:13:20,733 [1   ] [INFO ] Validating ETS2 path: 'e:\steam\SteamApps\common\Euro Truck Simulator 2' ... OK
2026-08-01 18:13:20,733 [1   ] [INFO ] Copying ETS2 x86 plugin DLL file to: e:\steam\SteamApps\common\Euro Truck Simulator 2\bin\win_x86\plugins\ets2-telemetry-server.dll
2026-08-01 18:13:20,735 [1   ] [INFO ] Copying ETS2 x64 plugin DLL file to: e:\steam\SteamApps\common\Euro Truck Simulator 2\bin\win_x64\plugins\ets2-telemetry-server.dll
2026-08-01 18:13:22,088 [1   ] [INFO ] Found following network interfaces: 
'{625C478E-DD46-4778-8777-9453AA3345B6}': 'Подключение по локальной сети' (Down), 
'{8E026B67-B0BE-4064-8FD3-890D5E9E8CF9}': 'Подключение по локальной сети 2' (Down), 
'{45E3F92C-E33E-43C6-9B19-9E9D80999A65}': 'OpenVPN Connect DCO Adapter' (Down), 
'{92A94DA9-9C84-4D43-87F5-530A261CA4F3}': 'Ethernet 5' (Up), 
'{1AAB4AA6-8F66-11EA-B0C9-806E6F6E6963}': 'Loopback Pseudo-Interface 1' (Up), 
'{6B134299-8B13-489B-BC3B-5826514C5015}': 'vEthernet (Default Switch)' (Up)
2026-08-01 18:28:56,304 [1   ] [INFO ] Running application on Microsoft Windows NT 6.2.9200.0 (64-bit) 
2026-08-01 18:28:56,396 [1   ] [INFO ] Checking plugin DLL files...
2026-08-01 18:28:56,397 [1   ] [INFO ] Validating ETS2 path: 'e:\steam\SteamApps\common\Euro Truck Simulator 2' ... OK
2026-08-01 18:28:56,437 [1   ] [INFO ] Checking Firewall rule...
2026-08-01 18:28:56,438 [1   ] [INFO ] Running command line: 
netsh advfirewall firewall show rule dir=in name=all
2026-08-01 18:28:56,680 [1   ] [INFO ] Checking ACL rule status...
2026-08-01 18:28:56,681 [1   ] [INFO ] Running command line: 
netsh http show urlacl url=http://+:25555/
2026-08-01 18:28:56,781 [1   ] [INFO ] Found following network interfaces: 
'{625C478E-DD46-4778-8777-9453AA3345B6}': 'Подключение по локальной сети' (Down), 
'{8E026B67-B0BE-4064-8FD3-890D5E9E8CF9}': 'Подключение по локальной сети 2' (Down), 
'{45E3F92C-E33E-43C6-9B19-9E9D80999A65}': 'OpenVPN Connect DCO Adapter' (Down), 
'{92A94DA9-9C84-4D43-87F5-530A261CA4F3}': 'Ethernet 5' (Up), 
'{1AAB4AA6-8F66-11EA-B0C9-806E6F6E6963}': 'Loopback Pseudo-Interface 1' (Up), 
'{6B134299-8B13-489B-BC3B-5826514C5015}': 'vEthernet (Default Switch)' (Up)
2026-08-02 11:10:51,479 [1   ] [INFO ] Running application on Microsoft Windows NT 6.2.9200.0 (64-bit) 
2026-08-02 11:10:51,589 [1   ] [INFO ] Checking plugin DLL files...
2026-08-02 11:10:51,590 [1   ] [INFO ] Validating ETS2 path: 'e:\steam\SteamApps\common\Euro Truck Simulator 2' ... OK
2026-08-02 11:10:51,624 [1   ] [INFO ] Checking Firewall rule...
2026-08-02 11:10:51,625 [1   ] [INFO ] Running command line: 
netsh advfirewall firewall show rule dir=in name=all
2026-08-02 11:10:51,925 [1   ] [INFO ] Checking ACL rule status...
2026-08-02 11:10:51,925 [1   ] [INFO ] Running command line: 
netsh http show urlacl url=http://+:25555/
2026-08-02 11:10:52,028 [1   ] [INFO ] Found following network interfaces: 
'{625C478E-DD46-4778-8777-9453AA3345B6}': 'Подключение по локальной сети' (Down), 
'{6B134299-8B13-489B-BC3B-5826514C5015}': 'vEthernet (Default Switch)' (Up), 
'{8E026B67-B0BE-4064-8FD3-890D5E9E8CF9}': 'Подключение по локальной сети 2' (Down), 
'{45E3F92C-E33E-43C6-9B19-9E9D80999A65}': 'OpenVPN Connect DCO Adapter' (Down), 
'{92A94DA9-9C84-4D43-87F5-530A261CA4F3}': 'Ethernet 5' (Up), 
'{1AAB4AA6-8F66-11EA-B0C9-806E6F6E6963}': 'Loopback Pseudo-Interface 1' (Up)
2026-08-02 11:14:12,513 [1   ] [INFO ] Running application on Microsoft Windows NT 6.2.9200.0 (64-bit) 
2026-08-02 11:14:12,605 [1   ] [INFO ] Checking plugin DLL files...
2026-08-02 11:14:12,606 [1   ] [INFO ] Validating ETS2 path: 'e:\steam\SteamApps\common\Euro Truck Simulator 2' ... OK
2026-08-02 11:14:12,609 [1   ] [INFO ] Checking Firewall rule...
2026-08-02 11:14:12,610 [1   ] [INFO ] Running command line: 
netsh advfirewall firewall show rule dir=in name=all
2026-08-02 11:14:12,845 [1   ] [INFO ] Checking ACL rule status...
2026-08-02 11:14:12,845 [1   ] [INFO ] Running command line: 
netsh http show urlacl url=http://+:25555/
2026-08-02 11:14:12,947 [1   ] [INFO ] Found following network interfaces: 
'{625C478E-DD46-4778-8777-9453AA3345B6}': 'Подключение по локальной сети' (Down), 
'{6B134299-8B13-489B-BC3B-5826514C5015}': 'vEthernet (Default Switch)' (Up), 
'{8E026B67-B0BE-4064-8FD3-890D5E9E8CF9}': 'Подключение по локальной сети 2' (Down), 
'{45E3F92C-E33E-43C6-9B19-9E9D80999A65}': 'OpenVPN Connect DCO Adapter' (Down), 
'{92A94DA9-9C84-4D43-87F5-530A261CA4F3}': 'Ethernet 5' (Up), 
'{1AAB4AA6-8F66-11EA-B0C9-806E6F6E6963}': 'Loopback Pseudo-Interface 1' (Up)
2026-08-02 11:15:02,833 [1   ] [INFO ] Running application on Microsoft Windows NT 6.2.9200.0 (64-bit) 
2026-08-02 11:15:02,926 [1   ] [INFO ] Checking plugin DLL files...
2026-08-02 11:15:02,926 [1   ] [INFO ] Validating ETS2 path: 'e:\steam\SteamApps\common\Euro Truck Simulator 2' ... OK
2026-08-02 11:15:02,929 [1   ] [INFO ] Checking Firewall rule...
2026-08-02 11:15:02,930 [1   ] [INFO ] Running command line: 
netsh advfirewall firewall show rule dir=in name=all
2026-08-02 11:15:03,168 [1   ] [INFO ] Checking ACL rule status...
2026-08-02 11:15:03,168 [1   ] [INFO ] Running command line: 
netsh http show urlacl url=http://+:25555/
2026-08-02 11:15:03,269 [1   ] [INFO ] Found following network interfaces: 
'{625C478E-DD46-4778-8777-9453AA3345B6}': 'Подключение по локальной сети' (Down), 
'{6B134299-8B13-489B-BC3B-5826514C5015}': 'vEthernet (Default Switch)' (Up), 
'{8E026B67-B0BE-4064-8FD3-890D5E9E8CF9}': 'Подключение по локальной сети 2' (Down), 
'{45E3F92C-E33E-43C6-9B19-9E9D80999A65}': 'OpenVPN Connect DCO Adapter' (Down), 
'{92A94DA9-9C84-4D43-87F5-530A261CA4F3}': 'Ethernet 5' (Up), 
'{1AAB4AA6-8F66-11EA-B0C9-806E6F6E6963}': 'Loopback Pseudo-Interface 1' (Up)
2026-08-02 11:36:42,686 [1   ] [INFO ] Running application on Microsoft Windows NT 6.2.9200.0 (64-bit) 
2026-08-02 11:36:42,782 [1   ] [INFO ] Checking plugin DLL files...
2026-08-02 11:36:42,782 [1   ] [INFO ] Validating ETS2 path: 'e:\steam\SteamApps\common\Euro Truck Simulator 2' ... OK
2026-08-02 11:36:42,785 [1   ] [INFO ] Checking Firewall rule...
2026-08-02 11:36:42,786 [1   ] [INFO ] Running command line: 
netsh advfirewall firewall show rule dir=in name=all
2026-08-02 11:36:43,027 [1   ] [INFO ] Checking ACL rule status...
2026-08-02 11:36:43,027 [1   ] [INFO ] Running command line: 
netsh http show urlacl url=http://+:25555/
2026-08-02 11:36:43,129 [1   ] [INFO ] Found following network interfaces: 
'{625C478E-DD46-4778-8777-9453AA3345B6}': 'Подключение по локальной сети' (Down), 
'{6B134299-8B13-489B-BC3B-5826514C5015}': 'vEthernet (Default Switch)' (Up), 
'{8E026B67-B0BE-4064-8FD3-890D5E9E8CF9}': 'Подключение по локальной сети 2' (Down), 
'{45E3F92C-E33E-43C6-9B19-9E9D80999A65}': 'OpenVPN Connect DCO Adapter' (Down), 
'{92A94DA9-9C84-4D43-87F5-530A261CA4F3}': 'Ethernet 5' (Up), 
'{1AAB4AA6-8F66-11EA-B0C9-806E6F6E6963}': 'Loopback Pseudo-Interface 1' (Up)
2026-08-02 11:41:15,593 [1   ] [INFO ] Running application on Microsoft Windows NT 6.2.9200.0 (64-bit) 
2026-08-02 11:41:15,688 [1   ] [INFO ] Checking plugin DLL files...
2026-08-02 11:41:15,688 [1   ] [INFO ] Validating ETS2 path: 'e:\steam\SteamApps\common\Euro Truck Simulator 2' ... OK
2026-08-02 11:41:15,691 [1   ] [INFO ] Checking Firewall rule...
2026-08-02 11:41:15,692 [1   ] [INFO ] Running command line: 
netsh advfirewall firewall show rule dir=in name=all
2026-08-02 11:41:15,924 [1   ] [INFO ] Checking ACL rule status...
2026-08-02 11:41:15,924 [1   ] [INFO ] Running command line: 
netsh http show urlacl url=http://+:25555/
2026-08-02 11:41:16,026 [1   ] [INFO ] Found following network interfaces: 
'{625C478E-DD46-4778-8777-9453AA3345B6}': 'Подключение по локальной сети' (Down), 
'{6B134299-8B13-489B-BC3B-5826514C5015}': 'vEthernet (Default Switch)' (Up), 
'{8E026B67-B0BE-4064-8FD3-890D5E9E8CF9}': 'Подключение по локальной сети 2' (Down), 
'{45E3F92C-E33E-43C6-9B19-9E9D80999A65}': 'OpenVPN Connect DCO Adapter' (Down), 
'{92A94DA9-9C84-4D43-87F5-530A261CA4F3}': 'Ethernet 5' (Up), 
'{1AAB4AA6-8F66-11EA-B0C9-806E6F6E6963}': 'Loopback Pseudo-Interface 1' (Up)
2026-08-03 12:15:47,997 [1   ] [INFO ] Running application on Microsoft Windows NT 6.2.9200.0 (64-bit) 
2026-08-03 12:15:48,206 [1   ] [INFO ] Checking plugin DLL files...
2026-08-03 12:15:48,215 [1   ] [INFO ] Validating ETS2 path: 'F:\SteamLibrary\steamapps\common\Euro Truck Simulator 2' ... OK
2026-08-03 12:15:48,293 [1   ] [INFO ] Checking Firewall rule...
2026-08-03 12:15:48,294 [1   ] [INFO ] Running command line: 
netsh advfirewall firewall show rule dir=in name=all
2026-08-03 12:15:48,635 [1   ] [INFO ] Checking ACL rule status...
2026-08-03 12:15:48,635 [1   ] [INFO ] Running command line: 
netsh http show urlacl url=http://+:25555/
2026-08-03 12:15:48,908 [1   ] [INFO ] Found following network interfaces: 
'{2FC7591D-6FCF-49AA-A55A-DD07730A0367}': 'Ethernet 2' (Up), 
'{7B03AABD-C5BD-11EF-ACA9-806E6F6E6963}': 'Loopback Pseudo-Interface 1' (Up)
2026-08-03 12:44:04,860 [1   ] [INFO ] Running application on Microsoft Windows NT 6.2.9200.0 (64-bit) 
2026-08-03 12:44:04,951 [1   ] [INFO ] Checking plugin DLL files...
2026-08-03 12:44:04,952 [1   ] [INFO ] Validating ETS2 path: 'F:\SteamLibrary\steamapps\common\Euro Truck Simulator 2' ... OK
2026-08-03 12:44:04,955 [1   ] [INFO ] Checking Firewall rule...
2026-08-03 12:44:04,956 [1   ] [INFO ] Running command line: 
netsh advfirewall firewall show rule dir=in name=all
2026-08-03 12:44:05,278 [1   ] [INFO ] Checking ACL rule status...
2026-08-03 12:44:05,278 [1   ] [INFO ] Running command line: 
netsh http show urlacl url=http://+:25555/
2026-08-03 12:44:05,360 [1   ] [INFO ] Found following network interfaces: 
'{2FC7591D-6FCF-49AA-A55A-DD07730A0367}': 'Ethernet 2' (Up), 
'{7B03AABD-C5BD-11EF-ACA9-806E6F6E6963}': 'Loopback Pseudo-Interface 1' (Up)
2026-08-03 12:48:44,965 [1   ] [INFO ] Running application on Microsoft Windows NT 6.2.9200.0 (64-bit) 
2026-08-03 12:48:45,053 [1   ] [INFO ] Checking plugin DLL files...
2026-08-03 12:48:45,054 [1   ] [INFO ] Validating ETS2 path: 'F:\SteamLibrary\steamapps\common\Euro Truck Simulator 2' ... OK
2026-08-03 12:48:45,057 [1   ] [INFO ] Checking Firewall rule...
2026-08-03 12:48:45,058 [1   ] [INFO ] Running command line: 
netsh advfirewall firewall show rule dir=in name=all
2026-08-03 12:48:45,384 [1   ] [INFO ] Checking ACL rule status...
2026-08-03 12:48:45,384 [1   ] [INFO ] Running command line: 
netsh http show urlacl url=http://+:25555/
2026-08-03 12:48:45,468 [1   ] [INFO ] Found following network interfaces: 
'{2FC7591D-6FCF-49AA-A55A-DD07730A0367}': 'Ethernet 2' (Up), 
'{7B03AABD-C5BD-11EF-ACA9-806E6F6E6963}': 'Loopback Pseudo-Interface 1' (Up)
2026-08-03 12:51:30,806 [1   ] [INFO ] Running application on Microsoft Windows NT 6.2.9200.0 (64-bit) 
2026-08-03 12:51:30,917 [1   ] [INFO ] Checking plugin DLL files...
2026-08-03 12:51:30,918 [1   ] [INFO ] Validating ETS2 path: 'F:\SteamLibrary\steamapps\common\Euro Truck Simulator 2' ... OK
2026-08-03 12:51:30,921 [1   ] [INFO ] Checking Firewall rule...
2026-08-03 12:51:30,922 [1   ] [INFO ] Running command line: 
netsh advfirewall firewall show rule dir=in name=all
2026-08-03 12:51:31,239 [1   ] [INFO ] Checking ACL rule status...
2026-08-03 12:51:31,239 [1   ] [INFO ] Running command line: 
netsh http show urlacl url=http://+:25555/
2026-08-03 12:51:31,314 [1   ] [INFO ] Found following network interfaces: 
'{2FC7591D-6FCF-49AA-A55A-DD07730A0367}': 'Ethernet 2' (Up), 
'{7B03AABD-C5BD-11EF-ACA9-806E6F6E6963}': 'Loopback Pseudo-Interface 1' (Up)
2026-08-03 12:52:23,357 [1   ] [INFO ] Running application on Microsoft Windows NT 6.2.9200.0 (64-bit) 
2026-08-03 12:52:23,447 [1   ] [INFO ] Checking plugin DLL files...
2026-08-03 12:52:23,447 [1   ] [INFO ] Validating ETS2 path: 'F:\SteamLibrary\steamapps\common\Euro Truck Simulator 2' ... OK
2026-08-03 12:52:23,450 [1   ] [INFO ] Checking Firewall rule...
2026-08-03 12:52:23,452 [1   ] [INFO ] Running command line: 
netsh advfirewall firewall show rule dir=in name=all
2026-08-03 12:52:23,739 [1   ] [INFO ] Checking ACL rule status...
2026-08-03 12:52:23,739 [1   ] [INFO ] Running command line: 
netsh http show urlacl url=http://+:25555/
2026-08-03 12:52:23,809 [1   ] [INFO ] Found following network interfaces: 
'{2FC7591D-6FCF-49AA-A55A-DD07730A0367}': 'Ethernet 2' (Up), 
'{7B03AABD-C5BD-11EF-ACA9-806E6F6E6963}': 'Loopback Pseudo-Interface 1' (Up)
2026-08-03 12:53:08,076 [1   ] [INFO ] Running application on Microsoft Windows NT 6.2.9200.0 (64-bit) 
2026-08-03 12:53:08,190 [1   ] [INFO ] Checking plugin DLL files...
2026-08-03 12:53:08,191 [1   ] [INFO ] Validating ETS2 path: 'F:\SteamLibrary\steamapps\common\Euro Truck Simulator 2' ... OK
2026-08-03 12:53:08,194 [1   ] [INFO ] Checking Firewall rule...
2026-08-03 12:53:08,195 [1   ] [INFO ] Running command line: 
netsh advfirewall firewall show rule dir=in name=all
2026-08-03 12:53:08,500 [1   ] [INFO ] Checking ACL rule status...
2026-08-03 12:53:08,500 [1   ] [INFO ] Running command line: 
netsh http show urlacl url=http://+:25555/
2026-08-03 12:53:08,580 [1   ] [INFO ] Found following network interfaces: 
'{2FC7591D-6FCF-49AA-A55A-DD07730A0367}': 'Ethernet 2' (Up), 
'{7B03AABD-C5BD-11EF-ACA9-806E6F6E6963}': 'Loopback Pseudo-Interface 1' (Up)
2026-08-03 13:28:12,260 [1   ] [INFO ] Running application on Microsoft Windows NT 6.2.9200.0 (64-bit) 
2026-08-03 13:28:12,341 [1   ] [INFO ] Checking plugin DLL files...
2026-08-03 13:28:12,342 [1   ] [INFO ] Validating ETS2 path: 'F:\SteamLibrary\steamapps\common\Euro Truck Simulator 2' ... OK
2026-08-03 13:28:12,344 [1   ] [INFO ] Checking Firewall rule...
2026-08-03 13:28:12,345 [1   ] [INFO ] Running command line: 
netsh advfirewall firewall show rule dir=in name=all
2026-08-03 13:28:12,635 [1   ] [INFO ] Checking ACL rule status...
2026-08-03 13:28:12,635 [1   ] [INFO ] Running command line: 
netsh http show urlacl url=http://+:25555/
2026-08-03 13:28:12,705 [1   ] [INFO ] Found following network interfaces: 
'{2FC7591D-6FCF-49AA-A55A-DD07730A0367}': 'Ethernet 2' (Up), 
'{7B03AABD-C5BD-11EF-ACA9-806E6F6E6963}': 'Loopback Pseudo-Interface 1' (Up)
2026-08-03 13:30:33,031 [1   ] [INFO ] Running application on Microsoft Windows NT 6.2.9200.0 (64-bit) 
2026-08-03 13:30:33,120 [1   ] [INFO ] Checking plugin DLL files...
2026-08-03 13:30:33,121 [1   ] [INFO ] Validating ETS2 path: 'F:\SteamLibrary\steamapps\common\Euro Truck Simulator 2' ... OK
2026-08-03 13:30:33,123 [1   ] [INFO ] Checking Firewall rule...
2026-08-03 13:30:33,125 [1   ] [INFO ] Running command line: 
netsh advfirewall firewall show rule dir=in name=all
2026-08-03 13:30:33,417 [1   ] [INFO ] Checking ACL rule status...
2026-08-03 13:30:33,417 [1   ] [INFO ] Running command line: 
netsh http show urlacl url=http://+:25555/
2026-08-03 13:30:33,486 [1   ] [INFO ] Found following network interfaces: 
'{2FC7591D-6FCF-49AA-A55A-DD07730A0367}': 'Ethernet 2' (Up), 
'{7B03AABD-C5BD-11EF-ACA9-806E6F6E6963}': 'Loopback Pseudo-Interface 1' (Up)
2026-08-03 13:32:33,261 [1   ] [INFO ] Running application on Microsoft Windows NT 6.2.9200.0 (64-bit) 
2026-08-03 13:32:33,344 [1   ] [INFO ] Checking plugin DLL files...
2026-08-03 13:32:33,345 [1   ] [INFO ] Validating ETS2 path: 'F:\SteamLibrary\steamapps\common\Euro Truck Simulator 2' ... OK
2026-08-03 13:32:33,347 [1   ] [INFO ] Checking Firewall rule...
2026-08-03 13:32:33,348 [1   ] [INFO ] Running command line: 
netsh advfirewall firewall show rule dir=in name=all
2026-08-03 13:32:33,643 [1   ] [INFO ] Checking ACL rule status...
2026-08-03 13:32:33,643 [1   ] [INFO ] Running command line: 
netsh http show urlacl url=http://+:25555/
2026-08-03 13:32:33,713 [1   ] [INFO ] Found following network interfaces: 
'{2FC7591D-6FCF-49AA-A55A-DD07730A0367}': 'Ethernet 2' (Up), 
'{7B03AABD-C5BD-11EF-ACA9-806E6F6E6963}': 'Loopback Pseudo-Interface 1' (Up)
2026-08-03 13:34:01,300 [1   ] [INFO ] Running application on Microsoft Windows NT 6.2.9200.0 (64-bit) 
2026-08-03 13:34:01,393 [1   ] [INFO ] Checking plugin DLL files...
2026-08-03 13:34:01,394 [1   ] [INFO ] Validating ETS2 path: 'F:\SteamLibrary\steamapps\common\Euro Truck Simulator 2' ... OK
2026-08-03 13:34:01,398 [1   ] [INFO ] Checking Firewall rule...
2026-08-03 13:34:01,399 [1   ] [INFO ] Running command line: 
netsh advfirewall firewall show rule dir=in name=all
2026-08-03 13:34:01,688 [1   ] [INFO ] Checking ACL rule status...
2026-08-03 13:34:01,688 [1   ] [INFO ] Running command line: 
netsh http show urlacl url=http://+:25555/
2026-08-03 13:34:01,761 [1   ] [INFO ] Found following network interfaces: 
'{2FC7591D-6FCF-49AA-A55A-DD07730A0367}': 'Ethernet 2' (Up), 
'{7B03AABD-C5BD-11EF-ACA9-806E6F6E6963}': 'Loopback Pseudo-Interface 1' (Up)
2026-08-03 13:42:31,429 [1   ] [INFO ] Running application on Microsoft Windows NT 6.2.9200.0 (64-bit) 
2026-08-03 13:42:31,521 [1   ] [INFO ] Checking plugin DLL files...
2026-08-03 13:42:31,521 [1   ] [INFO ] Validating ETS2 path: 'F:\SteamLibrary\steamapps\common\Euro Truck Simulator 2' ... OK
2026-08-03 13:42:31,524 [1   ] [INFO ] Checking Firewall rule...
2026-08-03 13:42:31,526 [1   ] [INFO ] Running command line: 
netsh advfirewall firewall show rule dir=in name=all
2026-08-03 13:42:31,828 [1   ] [INFO ] Checking ACL rule status...
2026-08-03 13:42:31,829 [1   ] [INFO ] Running command line: 
netsh http show urlacl url=http://+:25555/
2026-08-03 13:42:31,911 [1   ] [INFO ] Found following network interfaces: 
'{2FC7591D-6FCF-49AA-A55A-DD07730A0367}': 'Ethernet 2' (Up), 
'{7B03AABD-C5BD-11EF-ACA9-806E6F6E6963}': 'Loopback Pseudo-Interface 1' (Up)
2026-08-03 13:59:13,099 [1   ] [INFO ] Running application on Microsoft Windows NT 6.2.9200.0 (64-bit) 
2026-08-03 13:59:13,195 [1   ] [INFO ] Checking plugin DLL files...
2026-08-03 13:59:13,196 [1   ] [INFO ] Validating ETS2 path: 'F:\SteamLibrary\steamapps\common\Euro Truck Simulator 2' ... OK
2026-08-03 13:59:13,199 [1   ] [INFO ] Checking Firewall rule...
2026-08-03 13:59:13,200 [1   ] [INFO ] Running command line: 
netsh advfirewall firewall show rule dir=in name=all
2026-08-03 13:59:13,540 [1   ] [INFO ] Checking ACL rule status...
2026-08-03 13:59:13,540 [1   ] [INFO ] Running command line: 
netsh http show urlacl url=http://+:25555/
2026-08-03 13:59:13,611 [1   ] [INFO ] Found following network interfaces: 
'{2FC7591D-6FCF-49AA-A55A-DD07730A0367}': 'Ethernet 2' (Up), 
'{7B03AABD-C5BD-11EF-ACA9-806E6F6E6963}': 'Loopback Pseudo-Interface 1' (Up)
2026-08-03 14:03:14,040 [1   ] [INFO ] Running application on Microsoft Windows NT 6.2.9200.0 (64-bit) 
2026-08-03 14:03:14,140 [1   ] [INFO ] Checking plugin DLL files...
2026-08-03 14:03:14,141 [1   ] [INFO ] Validating ETS2 path: 'F:\SteamLibrary\steamapps\common\Euro Truck Simulator 2' ... OK
2026-08-03 14:03:14,145 [1   ] [INFO ] Checking Firewall rule...
2026-08-03 14:03:14,147 [1   ] [INFO ] Running command line: 
netsh advfirewall firewall show rule dir=in name=all
2026-08-03 14:03:14,469 [1   ] [INFO ] Checking ACL rule status...
2026-08-03 14:03:14,469 [1   ] [INFO ] Running command line: 
netsh http show urlacl url=http://+:25555/
2026-08-03 14:03:14,541 [1   ] [INFO ] Found following network interfaces: 
'{2FC7591D-6FCF-49AA-A55A-DD07730A0367}': 'Ethernet 2' (Up), 
'{7B03AABD-C5BD-11EF-ACA9-806E6F6E6963}': 'Loopback Pseudo-Interface 1' (Up)
2026-08-03 14:41:59,425 [1   ] [INFO ] Running application on Microsoft Windows NT 6.2.9200.0 (64-bit) 
2026-08-03 14:41:59,505 [1   ] [INFO ] Checking plugin DLL files...
2026-08-03 14:41:59,505 [1   ] [INFO ] Validating ETS2 path: 'F:\SteamLibrary\steamapps\common\Euro Truck Simulator 2' ... OK
2026-08-03 14:41:59,508 [1   ] [INFO ] Checking Firewall rule...
2026-08-03 14:41:59,509 [1   ] [INFO ] Running command line: 
netsh advfirewall firewall show rule dir=in name=all
2026-08-03 14:41:59,793 [1   ] [INFO ] Checking ACL rule status...
2026-08-03 14:41:59,793 [1   ] [INFO ] Running command line: 
netsh http show urlacl url=http://+:25555/
2026-08-03 14:41:59,858 [1   ] [INFO ] Found following network interfaces: 
'{2FC7591D-6FCF-49AA-A55A-DD07730A0367}': 'Ethernet 2' (Up), 
'{7B03AABD-C5BD-11EF-ACA9-806E6F6E6963}': 'Loopback Pseudo-Interface 1' (Up)
2026-08-03 14:42:35,427 [1   ] [INFO ] Running application on Microsoft Windows NT 6.2.9200.0 (64-bit) 
2026-08-03 14:42:35,512 [1   ] [INFO ] Checking plugin DLL files...
2026-08-03 14:42:35,512 [1   ] [INFO ] Validating ETS2 path: 'F:\SteamLibrary\steamapps\common\Euro Truck Simulator 2' ... OK
2026-08-03 14:42:35,516 [1   ] [INFO ] Checking Firewall rule...
2026-08-03 14:42:35,516 [1   ] [INFO ] Running command line: 
netsh advfirewall firewall show rule dir=in name=all
2026-08-03 14:42:35,788 [1   ] [INFO ] Checking ACL rule status...
2026-08-03 14:42:35,788 [1   ] [INFO ] Running command line: 
netsh http show urlacl url=http://+:25555/
2026-08-03 14:42:35,852 [1   ] [INFO ] Found following network interfaces: 
'{2FC7591D-6FCF-49AA-A55A-DD07730A0367}': 'Ethernet 2' (Up), 
'{7B03AABD-C5BD-11EF-ACA9-806E6F6E6963}': 'Loopback Pseudo-Interface 1' (Up)
2026-08-03 14:52:21,584 [1   ] [INFO ] Running application on Microsoft Windows NT 6.2.9200.0 (64-bit) 
2026-08-03 14:52:21,665 [1   ] [INFO ] Checking plugin DLL files...
2026-08-03 14:52:21,666 [1   ] [INFO ] Validating ETS2 path: 'F:\SteamLibrary\steamapps\common\Euro Truck Simulator 2' ... OK
2026-08-03 14:52:21,669 [1   ] [INFO ] Checking Firewall rule...
2026-08-03 14:52:21,670 [1   ] [INFO ] Running command line: 
netsh advfirewall firewall show rule dir=in name=all
2026-08-03 14:52:21,950 [1   ] [INFO ] Checking ACL rule status...
2026-08-03 14:52:21,950 [1   ] [INFO ] Running command line: 
netsh http show urlacl url=http://+:25555/
2026-08-03 14:52:22,015 [1   ] [INFO ] Found following network interfaces: 
'{2FC7591D-6FCF-49AA-A55A-DD07730A0367}': 'Ethernet 2' (Up), 
'{7B03AABD-C5BD-11EF-ACA9-806E6F6E6963}': 'Loopback Pseudo-Interface 1' (Up)
2026-08-03 14:53:28,368 [1   ] [INFO ] Running application on Microsoft Windows NT 6.2.9200.0 (64-bit) 
2026-08-03 14:53:28,450 [1   ] [INFO ] Checking plugin DLL files...
2026-08-03 14:53:28,451 [1   ] [INFO ] Validating ETS2 path: 'F:\SteamLibrary\steamapps\common\Euro Truck Simulator 2' ... OK
2026-08-03 14:53:28,454 [1   ] [INFO ] Checking Firewall rule...
2026-08-03 14:53:28,455 [1   ] [INFO ] Running command line: 
netsh advfirewall firewall show rule dir=in name=all
2026-08-03 14:53:28,739 [1   ] [INFO ] Checking ACL rule status...
2026-08-03 14:53:28,739 [1   ] [INFO ] Running command line: 
netsh http show urlacl url=http://+:25555/
2026-08-03 14:53:28,808 [1   ] [INFO ] Found following network interfaces: 
'{2FC7591D-6FCF-49AA-A55A-DD07730A0367}': 'Ethernet 2' (Up), 
'{7B03AABD-C5BD-11EF-ACA9-806E6F6E6963}': 'Loopback Pseudo-Interface 1' (Up)
2026-08-03 15:02:55,639 [1   ] [INFO ] Running application on Microsoft Windows NT 6.2.9200.0 (64-bit) 
2026-08-03 15:02:55,719 [1   ] [INFO ] Checking plugin DLL files...
2026-08-03 15:02:55,719 [1   ] [INFO ] Validating ETS2 path: 'F:\SteamLibrary\steamapps\common\Euro Truck Simulator 2' ... OK
2026-08-03 15:02:55,722 [1   ] [INFO ] Checking Firewall rule...
2026-08-03 15:02:55,723 [1   ] [INFO ] Running command line: 
netsh advfirewall firewall show rule dir=in name=all
2026-08-03 15:02:56,021 [1   ] [INFO ] Checking ACL rule status...
2026-08-03 15:02:56,021 [1   ] [INFO ] Running command line: 
netsh http show urlacl url=http://+:25555/
2026-08-03 15:02:56,093 [1   ] [INFO ] Found following network interfaces: 
'{2FC7591D-6FCF-49AA-A55A-DD07730A0367}': 'Ethernet 2' (Up), 
'{7B03AABD-C5BD-11EF-ACA9-806E6F6E6963}': 'Loopback Pseudo-Interface 1' (Up)
2026-08-03 15:28:36,918 [1   ] [INFO ] Running application on Microsoft Windows NT 6.2.9200.0 (64-bit) 
2026-08-03 15:28:37,070 [1   ] [INFO ] Checking plugin DLL files...
2026-08-03 15:28:37,070 [1   ] [INFO ] Validating ETS2 path: 'F:\SteamLibrary\steamapps\common\Euro Truck Simulator 2' ... OK
2026-08-03 15:28:37,088 [1   ] [INFO ] Checking Firewall rule...
2026-08-03 15:28:37,089 [1   ] [INFO ] Running command line: 
netsh advfirewall firewall show rule dir=in name=all
2026-08-03 15:28:37,417 [1   ] [INFO ] Checking ACL rule status...
2026-08-03 15:28:37,417 [1   ] [INFO ] Running command line: 
netsh http show urlacl url=http://+:25555/
2026-08-03 15:28:37,577 [1   ] [INFO ] Found following network interfaces: 
'{2FC7591D-6FCF-49AA-A55A-DD07730A0367}': 'Ethernet 2' (Up), 
'{7B03AABD-C5BD-11EF-ACA9-806E6F6E6963}': 'Loopback Pseudo-Interface 1' (Up)
2026-08-03 16:02:14,188 [1   ] [INFO ] Running application on Microsoft Windows NT 6.2.9200.0 (64-bit) 
2026-08-03 16:02:14,272 [1   ] [INFO ] Checking plugin DLL files...
2026-08-03 16:02:14,272 [1   ] [INFO ] Validating ETS2 path: 'F:\SteamLibrary\steamapps\common\Euro Truck Simulator 2' ... OK
2026-08-03 16:02:14,275 [1   ] [INFO ] Checking Firewall rule...
2026-08-03 16:02:14,276 [1   ] [INFO ] Running command line: 
netsh advfirewall firewall show rule dir=in name=all
2026-08-03 16:02:14,562 [1   ] [INFO ] Checking ACL rule status...
2026-08-03 16:02:14,562 [1   ] [INFO ] Running command line: 
netsh http show urlacl url=http://+:25555/
2026-08-03 16:02:14,630 [1   ] [INFO ] Found following network interfaces: 
'{2FC7591D-6FCF-49AA-A55A-DD07730A0367}': 'Ethernet 2' (Up), 
'{7B03AABD-C5BD-11EF-ACA9-806E6F6E6963}': 'Loopback Pseudo-Interface 1' (Up)
2026-08-03 17:29:15,448 [1   ] [INFO ] Running application on Microsoft Windows NT 6.2.9200.0 (64-bit) 
2026-08-03 17:29:15,737 [1   ] [INFO ] Checking plugin DLL files...
2026-08-03 17:29:15,737 [1   ] [INFO ] Validating ETS2 path: 'F:\SteamLibrary\steamapps\common\Euro Truck Simulator 2' ... OK
2026-08-03 17:29:16,019 [1   ] [INFO ] Checking Firewall rule...
2026-08-03 17:29:16,021 [1   ] [INFO ] Running command line: 
netsh advfirewall firewall show rule dir=in name=all
2026-08-03 17:29:16,534 [1   ] [INFO ] Checking ACL rule status...
2026-08-03 17:29:16,534 [1   ] [INFO ] Running command line: 
netsh http show urlacl url=http://+:25555/
2026-08-03 17:29:16,643 [1   ] [INFO ] Found following network interfaces: 
'{2FC7591D-6FCF-49AA-A55A-DD07730A0367}': 'Ethernet 2' (Up), 
'{7B03AABD-C5BD-11EF-ACA9-806E6F6E6963}': 'Loopback Pseudo-Interface 1' (Up)
2026-08-03 17:32:04,874 [1   ] [INFO ] Running application on Microsoft Windows NT 6.2.9200.0 (64-bit) 
2026-08-03 17:32:04,984 [1   ] [INFO ] Checking plugin DLL files...
2026-08-03 17:32:04,984 [1   ] [INFO ] Validating ETS2 path: 'F:\SteamLibrary\steamapps\common\Euro Truck Simulator 2' ... OK
2026-08-03 17:32:04,992 [1   ] [INFO ] Checking Firewall rule...
2026-08-03 17:32:04,994 [1   ] [INFO ] Running command line: 
netsh advfirewall firewall show rule dir=in name=all
2026-08-03 17:32:05,327 [1   ] [INFO ] Checking ACL rule status...
2026-08-03 17:32:05,327 [1   ] [INFO ] Running command line: 
netsh http show urlacl url=http://+:25555/
2026-08-03 17:32:05,400 [1   ] [INFO ] Found following network interfaces: 
'{2FC7591D-6FCF-49AA-A55A-DD07730A0367}': 'Ethernet 2' (Up), 
'{7B03AABD-C5BD-11EF-ACA9-806E6F6E6963}': 'Loopback Pseudo-Interface 1' (Up)
2026-08-03 17:35:42,559 [1   ] [INFO ] Running application on Microsoft Windows NT 6.2.9200.0 (64-bit) 
2026-08-03 17:35:42,647 [1   ] [INFO ] Checking plugin DLL files...
2026-08-03 17:35:42,648 [1   ] [INFO ] Validating ETS2 path: 'F:\SteamLibrary\steamapps\common\Euro Truck Simulator 2' ... OK
2026-08-03 17:35:42,651 [1   ] [INFO ] Checking Firewall rule...
2026-08-03 17:35:42,652 [1   ] [INFO ] Running command line: 
netsh advfirewall firewall show rule dir=in name=all
2026-08-03 17:35:42,946 [1   ] [INFO ] Checking ACL rule status...
2026-08-03 17:35:42,948 [1   ] [INFO ] Running command line: 
netsh http show urlacl url=http://+:25555/
2026-08-03 17:35:43,026 [1   ] [INFO ] Found following network interfaces: 
'{2FC7591D-6FCF-49AA-A55A-DD07730A0367}': 'Ethernet 2' (Up), 
'{7B03AABD-C5BD-11EF-ACA9-806E6F6E6963}': 'Loopback Pseudo-Interface 1' (Up)
2026-08-03 18:07:37,477 [1   ] [INFO ] Running application on Microsoft Windows NT 6.2.9200.0 (64-bit) 
2026-08-03 18:07:37,571 [1   ] [INFO ] Checking plugin DLL files...
2026-08-03 18:07:37,572 [1   ] [INFO ] Validating ETS2 path: 'F:\SteamLibrary\steamapps\common\Euro Truck Simulator 2' ... OK
2026-08-03 18:07:37,575 [1   ] [INFO ] Checking Firewall rule...
2026-08-03 18:07:37,576 [1   ] [INFO ] Running command line: 
netsh advfirewall firewall show rule dir=in name=all
2026-08-03 18:07:37,875 [1   ] [INFO ] Checking ACL rule status...
2026-08-03 18:07:37,875 [1   ] [INFO ] Running command line: 
netsh http show urlacl url=http://+:25555/
2026-08-03 18:07:37,965 [1   ] [INFO ] Found following network interfaces: 
'{2FC7591D-6FCF-49AA-A55A-DD07730A0367}': 'Ethernet 2' (Up), 
'{7B03AABD-C5BD-11EF-ACA9-806E6F6E6963}': 'Loopback Pseudo-Interface 1' (Up)
2026-08-03 18:10:07,526 [1   ] [INFO ] Running application on Microsoft Windows NT 6.2.9200.0 (64-bit) 
2026-08-03 18:10:07,629 [1   ] [INFO ] Checking plugin DLL files...
2026-08-03 18:10:07,631 [1   ] [INFO ] Validating ETS2 path: 'F:\SteamLibrary\steamapps\common\Euro Truck Simulator 2' ... OK
2026-08-03 18:10:07,636 [1   ] [INFO ] Checking Firewall rule...
2026-08-03 18:10:07,637 [1   ] [INFO ] Running command line: 
netsh advfirewall firewall show rule dir=in name=all
2026-08-03 18:10:07,956 [1   ] [INFO ] Checking ACL rule status...
2026-08-03 18:10:07,956 [1   ] [INFO ] Running command line: 
netsh http show urlacl url=http://+:25555/
2026-08-03 18:10:08,028 [1   ] [INFO ] Found following network interfaces: 
'{2FC7591D-6FCF-49AA-A55A-DD07730A0367}': 'Ethernet 2' (Up), 
'{7B03AABD-C5BD-11EF-ACA9-806E6F6E6963}': 'Loopback Pseudo-Interface 1' (Up)
2026-08-03 18:17:53,848 [1   ] [INFO ] Running application on Microsoft Windows NT 6.2.9200.0 (64-bit) 
2026-08-03 18:17:53,949 [1   ] [INFO ] Checking plugin DLL files...
2026-08-03 18:17:53,950 [1   ] [INFO ] Validating ETS2 path: 'F:\SteamLibrary\steamapps\common\Euro Truck Simulator 2' ... OK
2026-08-03 18:17:53,954 [1   ] [INFO ] Checking Firewall rule...
2026-08-03 18:17:53,955 [1   ] [INFO ] Running command line: 
netsh advfirewall firewall show rule dir=in name=all
2026-08-03 18:17:54,277 [1   ] [INFO ] Checking ACL rule status...
2026-08-03 18:17:54,277 [1   ] [INFO ] Running command line: 
netsh http show urlacl url=http://+:25555/
2026-08-03 18:17:54,347 [1   ] [INFO ] Found following network interfaces: 
'{2FC7591D-6FCF-49AA-A55A-DD07730A0367}': 'Ethernet 2' (Up), 
'{7B03AABD-C5BD-11EF-ACA9-806E6F6E6963}': 'Loopback Pseudo-Interface 1' (Up)
2026-08-03 18:36:35,561 [1   ] [INFO ] Running application on Microsoft Windows NT 6.2.9200.0 (64-bit) 
2026-08-03 18:36:35,671 [1   ] [INFO ] Checking plugin DLL files...
2026-08-03 18:36:35,671 [1   ] [INFO ] Validating ETS2 path: 'F:\SteamLibrary\steamapps\common\Euro Truck Simulator 2' ... OK
2026-08-03 18:36:35,675 [1   ] [INFO ] Checking Firewall rule...
2026-08-03 18:36:35,676 [1   ] [INFO ] Running command line: 
netsh advfirewall firewall show rule dir=in name=all
2026-08-03 18:36:35,994 [1   ] [INFO ] Checking ACL rule status...
2026-08-03 18:36:35,994 [1   ] [INFO ] Running command line: 
netsh http show urlacl url=http://+:25555/
2026-08-03 18:36:36,065 [1   ] [INFO ] Found following network interfaces: 
'{2FC7591D-6FCF-49AA-A55A-DD07730A0367}': 'Ethernet 2' (Up), 
'{7B03AABD-C5BD-11EF-ACA9-806E6F6E6963}': 'Loopback Pseudo-Interface 1' (Up)
2026-08-03 18:43:50,834 [1   ] [INFO ] Running application on Microsoft Windows NT 6.2.9200.0 (64-bit) 
2026-08-03 18:43:50,955 [1   ] [INFO ] Checking plugin DLL files...
2026-08-03 18:43:50,955 [1   ] [INFO ] Validating ETS2 path: 'F:\SteamLibrary\steamapps\common\Euro Truck Simulator 2' ... OK
2026-08-03 18:43:50,959 [1   ] [INFO ] Checking Firewall rule...
2026-08-03 18:43:50,960 [1   ] [INFO ] Running command line: 
netsh advfirewall firewall show rule dir=in name=all
2026-08-03 18:43:51,268 [1   ] [INFO ] Checking ACL rule status...
2026-08-03 18:43:51,268 [1   ] [INFO ] Running command line: 
netsh http show urlacl url=http://+:25555/
2026-08-03 18:43:51,341 [1   ] [INFO ] Found following network interfaces: 
'{2FC7591D-6FCF-49AA-A55A-DD07730A0367}': 'Ethernet 2' (Up), 
'{7B03AABD-C5BD-11EF-ACA9-806E6F6E6963}': 'Loopback Pseudo-Interface 1' (Up)
